[INFO] Scanning for projects...
[WARNING] 
[WARNING] Some problems were encountered while building the effective model for org.apache.hive:hive-exec:jar:4.0.0-SNAPSHOT
[WARNING] 'dependencies.dependency.exclusions.exclusion.artifactId' for org.apache.spark:spark-core_2.11:jar with value '*' does not match a valid id pattern. @ line 718, column 22
[WARNING] 'dependencies.dependency.exclusions.exclusion.artifactId' for org.apache.spark:spark-core_2.11:jar with value '*' does not match a valid id pattern. @ line 722, column 22
[WARNING] 
[WARNING] Some problems were encountered while building the effective model for org.apache.hive:hive-spark-client:jar:4.0.0-SNAPSHOT
[WARNING] 'dependencies.dependency.exclusions.exclusion.artifactId' for org.apache.spark:spark-core_2.11:jar with value '*' does not match a valid id pattern. @ line 78, column 23
[WARNING] 'dependencies.dependency.exclusions.exclusion.artifactId' for org.apache.spark:spark-core_2.11:jar with value '*' does not match a valid id pattern. @ line 82, column 23
[WARNING] 
[WARNING] It is highly recommended to fix these problems because they threaten the stability of your build.
[WARNING] 
[WARNING] For this reason, future Maven versions might no longer support building such malformed projects.
[WARNING] 
[INFO]                                                                         
[INFO] ------------------------------------------------------------------------
[INFO] Building Hive Integration - Unit Tests 4.0.0-SNAPSHOT
[INFO] ------------------------------------------------------------------------
[INFO] 
[INFO] --- maven-enforcer-plugin:1.3.1:enforce (enforce-no-snapshots) @ hive-it-unit ---
[INFO] 
[INFO] --- maven-enforcer-plugin:1.3.1:enforce (enforce-banned-dependencies) @ hive-it-unit ---
[INFO] 
[INFO] --- maven-antrun-plugin:1.7:run (download-spark) @ hive-it-unit ---
[INFO] Executing tasks

main:
     [exec] /home/abstractdog/hive/itests/hive-unit
     [exec] + /bin/pwd
     [exec] + BASE_DIR=./target
     [exec] + HIVE_ROOT=./target/../../../
     [exec] + DOWNLOAD_DIR=./../thirdparty
     [exec] + mkdir -p ./../thirdparty
     [exec] + download http://d3jw87u4immizc.cloudfront.net/spark-tarball/spark-2.3.0-bin-hadoop3-beta1-without-hive.tgz spark
     [exec] + url=http://d3jw87u4immizc.cloudfront.net/spark-tarball/spark-2.3.0-bin-hadoop3-beta1-without-hive.tgz
     [exec] + finalName=spark
     [exec] ++ basename http://d3jw87u4immizc.cloudfront.net/spark-tarball/spark-2.3.0-bin-hadoop3-beta1-without-hive.tgz
     [exec] + tarName=spark-2.3.0-bin-hadoop3-beta1-without-hive.tgz
     [exec] + rm -rf ./target/spark
     [exec] + [[ ! -f ./../thirdparty/spark-2.3.0-bin-hadoop3-beta1-without-hive.tgz ]]
     [exec] + local md5File=spark-2.3.0-bin-hadoop3-beta1-without-hive.tgz.md5sum
     [exec] + curl -Sso ./../thirdparty/spark-2.3.0-bin-hadoop3-beta1-without-hive.tgz.md5sum http://d3jw87u4immizc.cloudfront.net/spark-tarball/spark-2.3.0-bin-hadoop3-beta1-without-hive.tgz.md5sum
     [exec] + cd ./../thirdparty
     [exec] + type md5sum
     [exec] + md5sum -c spark-2.3.0-bin-hadoop3-beta1-without-hive.tgz.md5sum
     [exec] spark-2.3.0-bin-hadoop3-beta1-without-hive.tgz: OK
     [exec] /home/abstractdog/hive/itests/hive-unit
     [exec] + cd -
     [exec] + tar -zxf ./../thirdparty/spark-2.3.0-bin-hadoop3-beta1-without-hive.tgz -C ./target
     [exec] + mv ./target/spark-2.3.0-bin-hadoop3-beta1-without-hive ./target/spark
     [exec] + cp -f ./target/../../..//data/conf/spark/log4j2.properties ./target/spark/conf/
[INFO] Executed tasks
[INFO] 
[INFO] --- maven-remote-resources-plugin:1.5:process (process-resource-bundles) @ hive-it-unit ---
[INFO] 
[INFO] --- maven-resources-plugin:2.7:resources (default-resources) @ hive-it-unit ---
[INFO] Using 'UTF-8' encoding to copy filtered resources.
[INFO] skip non existing resourceDirectory /home/abstractdog/hive/itests/hive-unit/src/main/resources
[INFO] Copying 3 resources
[INFO] 
[INFO] --- maven-antrun-plugin:1.7:run (define-classpath) @ hive-it-unit ---
[INFO] Executing tasks

main:
[INFO] Executed tasks
[INFO] 
[INFO] --- maven-compiler-plugin:3.6.1:compile (default-compile) @ hive-it-unit ---
[INFO] Nothing to compile - all classes are up to date
[INFO] 
[INFO] --- maven-resources-plugin:2.7:testResources (default-testResources) @ hive-it-unit ---
[INFO] Using 'UTF-8' encoding to copy filtered resources.
[INFO] skip non existing resourceDirectory /home/abstractdog/hive/itests/hive-unit/src/test/resources
[INFO] Copying 3 resources
[INFO] 
[INFO] --- maven-antrun-plugin:1.7:run (setup-test-dirs) @ hive-it-unit ---
[INFO] Executing tasks

main:
   [delete] Deleting directory /home/abstractdog/hive/itests/hive-unit/target/tmp
   [delete] Deleting directory /home/abstractdog/hive/itests/hive-unit/target/testconf
   [delete] Deleting directory /home/abstractdog/hive/itests/hive-unit/target/warehouse
    [mkdir] Created dir: /home/abstractdog/hive/itests/hive-unit/target/tmp
    [mkdir] Created dir: /home/abstractdog/hive/itests/hive-unit/target/warehouse
    [mkdir] Created dir: /home/abstractdog/hive/itests/hive-unit/target/testconf
     [copy] Copying 19 files to /home/abstractdog/hive/itests/hive-unit/target/testconf
[INFO] Executed tasks
[INFO] 
[INFO] --- maven-antrun-plugin:1.7:run (setup-metastore-scripts) @ hive-it-unit ---
[INFO] Executing tasks

main:
    [mkdir] Created dir: /home/abstractdog/hive/itests/hive-unit/target/tmp/scripts/metastore
     [copy] Copying 424 files to /home/abstractdog/hive/itests/hive-unit/target/tmp/scripts/metastore
     [copy] Copying 64 files to /home/abstractdog/hive/itests/hive-unit/target/tmp/scripts/metastore/upgrade
[INFO] Executed tasks
[INFO] 
[INFO] --- maven-compiler-plugin:3.6.1:testCompile (default-testCompile) @ hive-it-unit ---
[INFO] Compiling 1 source file to /home/abstractdog/hive/itests/hive-unit/target/test-classes
[INFO] 
[INFO] --- maven-surefire-plugin:2.21.0:test (default-test) @ hive-it-unit ---
[INFO] 
[INFO] -------------------------------------------------------
[INFO]  T E S T S
[INFO] -------------------------------------------------------
[INFO] Running org.apache.hive.service.server.TestInformationSchemaWithPrivilege
[INFO] Tests run: 1, Failures: 0, Errors: 0, Skipped: 0, Time elapsed: 157.574 s - in org.apache.hive.service.server.TestInformationSchemaWithPrivilege
[INFO] 
[INFO] Results:
[INFO] 
[INFO] Tests run: 1, Failures: 0, Errors: 0, Skipped: 0
[INFO] 
[INFO] ------------------------------------------------------------------------
[INFO] BUILD SUCCESS
[INFO] ------------------------------------------------------------------------
[INFO] Total time: 3:09.667s
[INFO] Finished at: Fri Jul 06 20:48:55 CEST 2018
[INFO] Final Memory: 120M/736M
[INFO] ------------------------------------------------------------------------
[WARNING] The requested profile "hadoop-2" could not be activated because it does not exist.
